---
source: src/hub_async.rs
expression: messages
---
[
    Temperature(
        1.0,
    ),
    Humidity(
        2.0,
    ),
    Temperature(
        1.0,
    ),
    Humidity(
        2.0,
    ),
    Temperature(
        1.0,
    ),
    Humidity(
        2.0,
    ),
]
