---
source: src/pchannel_async.rs
expression: t
---
1
