---
source: src/hub.rs
expression: messages.len()
---
20
