---
source: src/pchannel_async.rs
expression: messages.len()
---
20
