---
source: src/pchannel_async.rs
expression: c
---
10
