---
source: src/ttlcell.rs
expression: opt.as_ref().copied()
---
None
