---
source: src/pchannel.rs
expression: messages.len()
---
20
