---
source: src/hub_async.rs
expression: messages.len()
---
20
